18/11/2023 08:07:05 Creazione Log
18/11/2023 08:07:05 Errore nella Visualizzazione, il registro è vuoto.
18/11/2023 08:07:09 Importo da CSV
18/11/2023 08:07:14 Visualizzazione registro
18/11/2023 08:09:54 Modifica Stato Civile di Maria Ferrari (FRRMRA96R42Z602R): Coniugato -> Coniugato
18/11/2023 08:09:56 Visualizzazione registro
18/11/2023 08:10:44 Errore nella Modifica, il registro è vuoto.
18/11/2023 08:10:50 Esportazione comune
18/11/2023 08:10:52 Errore nella Modifica, il registro è vuoto.
18/11/2023 08:11:01 Errore nella Visualizzazione, il registro è vuoto.
18/11/2023 08:11:04 Importo da CSV
18/11/2023 08:11:05 Errore nella Visualizzazione, il registro è vuoto.
18/11/2023 08:15:01 Interrompo l'operazione di Modifica
18/11/2023 08:15:03 Visualizzazione registro
18/11/2023 08:15:16 Modifica Stato Civile di Maria Ferrari (FRRMRA96R42Z602R): Coniugato -> Coniugato
18/11/2023 08:15:21 Visualizzazione registro
18/11/2023 08:17:08 Interrompo l'operazione di Modifica
18/11/2023 08:17:10 Visualizzazione registro
18/11/2023 08:17:33 Modifica Stato Civile di Maria Ferrari (FRRMRA96R42Z602R): Coniugato -> Coniugato
18/11/2023 08:17:37 Visualizzazione registro
18/11/2023 08:40:02 Tentativo di Visualizza per prima lettera del CF, non ci sono codici fiscali inizianti per A
18/11/2023 08:40:05 Visualizzazione registro
18/11/2023 08:40:13 Visualizzo tutte le persone con codice fiscale che inizia con P
18/11/2023 08:40:30 Visualizzo tutte le persone con codice fiscale che inizia con P
18/11/2023 08:40:37 Tentativo di Visualizza per prima lettera del CF, non ci sono codici fiscali inizianti per ESCI
18/11/2023 08:41:06 Visualizzo tutte le persone con codice fiscale che inizia con R
18/11/2023 08:52:03 Persona inserita: Michele       Fuso          Villanova, 01/01/1823              Maschio   Celibe        Italiana       FSUMHL23A01L985T
18/11/2023 08:52:05 Visualizzazione registro
18/11/2023 08:53:59 Visualizzazione registro
18/11/2023 08:54:11 Visualizzo tutte le persone con codice fiscale che inizia con F
