17/10/2023 16:27:19 Tentativo di calcolo età, persona non trovata (CF: RZZGTN15L28C041A)
17/10/2023 16:27:41 Calcolo età cittadino (CF: RZZGTN15L28C041A)
17/10/2023 16:28:04 Calcolo età cittadino (CF: RZZGTN15L28C041A)
17/10/2023 16:28:22 Calcolo età cittadino (CF: RZZGTN15L28C041A)
17/10/2023 16:29:41 Calcolo età cittadino (CF: RZZGTN15L28C041A)
17/10/2023 16:32:20 Calcolo età cittadino (CF: RZZGTN15L28C041A)
17/10/2023 16:35:10 Calcolo età cittadino (CF: RZZGTN15L28C041A)
17/10/2023 16:35:30 Calcolo età cittadino (CF: RZZGTN15L28C041A)
17/10/2023 16:35:50 Calcolo età cittadino (CF: RZZGTN15L28C041A)
17/10/2023 16:36:02 Calcolo età cittadino (CF: RZZGTN15L28C041A)
17/10/2023 16:37:54 Calcolo età cittadino (CF: RZZGTN15L28C041A)
17/10/2023 16:38:11 Calcolo età cittadino (CF: RZZGTN15L28C041A)
17/10/2023 16:38:48 Calcolo età cittadino (CF: RZZGTN15L28C041A)
17/10/2023 16:39:03 Calcolo età cittadino (CF: RZZGTN15L28C041A)
17/10/2023 16:39:16 Calcolo età cittadino (CF: RZZGTN15L28C041A)
17/10/2023 16:39:20 Stampo log
17/10/2023 16:44:46 Tentativo di modifica, persona non trovata (CF: RZZGTN15L28C041A)
17/10/2023 16:44:51 Visualizzazione di tutte le persone presenti
17/10/2023 16:44:58  Modifica cittadino: Atanasio       Beghetto       Lendinara, 10/06/1885            Maschio   Divorziato    Italiana       BGHTNS85H10E522R
17/10/2023 16:45:03                   -> Atanasio       Beghetto       Lendinara, 10/06/1885            Maschio   Divorziato    Italiana       BGHTNS85H10E522R
17/10/2023 16:45:07 Stampo log
