14/11/2023 08:11:09 Creazione Log
14/11/2023 08:11:09 Stampo log D:\Informatica\4F Matteo Fuso\Ripasso\Anagrafica\bin\Debug\data\log\21-10-2023.log
14/11/2023 08:11:23 Cancello log D:\Informatica\4F Matteo Fuso\Ripasso\Anagrafica\bin\Debug\data\log\28_10_2023.log
14/11/2023 08:11:39 Cancello log D:\Informatica\4F Matteo Fuso\Ripasso\Anagrafica\bin\Debug\data\log\31_10_2023.log
14/11/2023 08:27:07 Visualizzazione registro
14/11/2023 08:27:20 Modifica Stato Civile di Agostino Rizzi (RZZGTN15L28C041W): Celibe -> Separato
14/11/2023 08:27:22 Visualizzazione registro
14/11/2023 08:36:25 Visualizzazione registro
14/11/2023 08:36:40 Modifica Stato Civile di Agostino Rizzi (RZZGTN15L28C041W): Celibe -> Celibe
14/11/2023 08:36:42 Visualizzazione registro
14/11/2023 08:38:41 Modifica Stato Civile di Agostino Rizzi (RZZGTN15L28C041W): Celibe -> Celibe
14/11/2023 08:38:47 Visualizzazione registro
14/11/2023 08:39:16 Modifica Stato Civile di Agostino Rizzi (RZZGTN15L28C041W): Celibe -> Separato
14/11/2023 08:39:19 Visualizzazione registro
14/11/2023 08:39:54 Modifica Stato Civile di Agostino Rizzi (RZZGTN15L28C041W): Celibe -> Separato
14/11/2023 08:39:56 Visualizzazione registro
14/11/2023 08:45:05 Interrompo l'operazione di Modifica
14/11/2023 08:45:07 Visualizzazione registro
14/11/2023 08:45:36 Modifica Stato Civile di Maria Ferrari (FRRMRA96R42Z602R): Coniugato -> Coniugato
14/11/2023 08:45:39 Visualizzazione registro
14/11/2023 08:51:05 Interrompo l'operazione di Modifica
14/11/2023 08:51:06 Visualizzazione registro
14/11/2023 08:51:19 Modifica Stato Civile di Maria Ferrari (FRRMRA96R42Z602R): Coniugato -> Coniugato
14/11/2023 08:51:21 Visualizzazione registro
14/11/2023 08:51:34 Modifica Stato Civile di Maria Ferrari (FRRMRA96R42Z602R): Coniugato -> Coniugato
14/11/2023 08:51:37 Visualizzazione registro
14/11/2023 09:05:53 Stampo log D:\Informatica\4F Matteo Fuso\Ripasso\Anagrafica\bin\Debug\data\log\14_11_2023.log
14/11/2023 09:06:03 Stampo log D:\Informatica\4F Matteo Fuso\Ripasso\Anagrafica\bin\Debug\data\log\21-10-2023.log
14/11/2023 09:06:24 Esportazione comune
14/11/2023 09:07:12 Errore nella Visualizzazione, il registro è vuoto.
14/11/2023 09:07:16 Errore nella Visualizzazione, il registro è vuoto.
14/11/2023 09:08:31 Visualizzazione registro
14/11/2023 09:12:57 Errore nella Visualizzazione, il registro è vuoto.
14/11/2023 09:13:00 Errore nella Modifica, il registro è vuoto.
14/11/2023 09:13:05 Importo da CSV
14/11/2023 09:13:08 Visualizzazione registro
14/11/2023 09:13:21 Errore nella Modifica, non è stata trovata persona con il Codice Fiscale specificato
