19/01/2024 15:33:22 Avvio Programma
19/01/2024 15:33:24 Importazione flotta da file eserno
19/01/2024 15:33:28 Tentativo di Visualizzazione Flotta, la flotta è vuota
19/01/2024 15:33:43 Avvio Programma
19/01/2024 15:34:16 Avvio Programma
19/01/2024 15:35:39 Avvio Programma
19/01/2024 15:35:49 Avvio Programma
19/01/2024 15:35:53 Esportazione flotta su file eserno
19/01/2024 15:36:06 Leggo log G:\Il mio Drive\Esercizi\4F\Classi\FlottaAuto\bin\Debug\data\log\18_01_2024.log
19/01/2024 15:37:02 Tentativo di Visualizzazione Flotta, la flotta è vuota
19/01/2024 15:37:04 Importazione flotta da file eserno
19/01/2024 15:37:08 Visualizzazione parco macchine
19/01/2024 15:37:14 Aggiunta auto (5 - WY662OH) Qwed Ferqr a Due posti
19/01/2024 15:37:17 Visualizzazione parco macchine
19/01/2024 15:38:10 Avvio Programma
19/01/2024 15:38:19 Importazione flotta da file eserno
19/01/2024 15:38:23 Visualizzazione parco macchine
19/01/2024 17:05:40 Avvio Programma
19/01/2024 17:05:45 Importazione flotta su file eserno
19/01/2024 17:05:52 Errore nella visualizzazione di veicoli per numero di posti (Due), non ci sono veicoli
19/01/2024 17:06:34 Avvio Programma
19/01/2024 17:06:36 Importazione flotta su file eserno
19/01/2024 17:06:41 Visualizzazione veicoli con Quattro posti
19/01/2024 17:06:50 Visualizzazione veicoli con la marca Tesla
19/01/2024 17:06:58 Errore nella visualizzazione di veicoli per marca (Bugug), non ci sono veicoli
19/01/2024 17:07:03 Eliminazione veicolo con codice 2
19/01/2024 17:07:07 Visualizzazione parco macchine
19/01/2024 17:07:11 Visualizzazione parco macchine
19/01/2024 17:17:56 Avvio Programma
19/01/2024 17:17:59 Importazione flotta su file eserno
19/01/2024 17:18:01 Visualizzazione parco macchine
19/01/2024 17:18:10 Eliminazione veicolo con targa RZ220AB
19/01/2024 17:18:14 Errore nell'eliminazione
19/01/2024 17:18:23 Visualizzazione parco macchine
19/01/2024 17:18:29 Leggo log G:\Il mio Drive\Esercizi\4F\Classi\FlottaAuto\bin\Debug\data\log\19_01_2024.log
19/01/2024 17:18:47 Errore nella visualizzazione di veicoli per marca (Adidas), non ci sono veicoli
