05/12/2023 08:15:18 Creazione file di log
05/12/2023 08:15:18 Importazione clinica
05/12/2023 08:15:22 Visualizzazione Clinica
05/12/2023 08:15:39 Importazione clinica
05/12/2023 08:15:40 Visualizzazione Clinica
05/12/2023 08:15:48 Visualizzazione Clinica
05/12/2023 08:17:47 Importazione clinica
05/12/2023 08:17:49 Visualizzazione Clinica
05/12/2023 08:19:20 Aggiornamento temperatura Chiara Marchesi (37 °C) a 36,4°C nel reparto RO01 - Ginecologia (15)
05/12/2023 08:19:23 Visualizzazione Clinica
05/12/2023 08:22:20 Leggo il log D:\Informatica\4F Matteo Fuso\Classi\Clinica\bin\Debug\data\log\04_12_2023.log
05/12/2023 08:23:14 Leggo il log D:\Informatica\4F Matteo Fuso\Classi\Clinica\bin\Debug\data\log\04_12_2023.log
05/12/2023 08:23:55 Leggo il log D:\Informatica\4F Matteo Fuso\Classi\Clinica\bin\Debug\data\log\02_12_2023.log
05/12/2023 08:27:06 Inserimento reparto RO01 - Ortopedia (1)
05/12/2023 08:27:21 Inserimento paziente Emiliano SPiller (38,99 °C) nel reparto RO01 - Ortopedia (1)
05/12/2023 08:27:25 Visualizzazione Clinica
05/12/2023 09:01:25 Importazione clinica
05/12/2023 09:03:04 Importazione clinica
05/12/2023 09:03:43 Importazione clinica
05/12/2023 09:03:59 Importazione clinica
05/12/2023 09:05:30 Importazione clinica
05/12/2023 09:06:20 Importazione clinica
05/12/2023 09:06:53 Importazione clinica
05/12/2023 09:07:00 Importazione clinica
05/12/2023 09:07:51 Importazione clinica
05/12/2023 09:09:22 Importazione clinica
05/12/2023 09:09:38 Visualizzazione reparto RO00 - Pediatria (20)
05/12/2023 09:10:28 Importazione clinica
05/12/2023 09:10:29 Visualizzazione Clinica
05/12/2023 09:11:35 Importazione clinica
05/12/2023 09:16:34 Importazione clinica
05/12/2023 09:17:07 Visualizzazione reparto RO02 - Pronto Soccorso (15)
05/12/2023 09:18:14 Avvio Programma
05/12/2023 09:18:16 Chiusura non forzata programma
05/12/2023 09:18:17 Avvio Programma
05/12/2023 09:18:21 Leggo il log D:\Informatica\4F Matteo Fuso\Classi\Clinica\bin\Debug\data\log\05_12_2023.log
05/12/2023 09:18:35 Tentativo di Visualizzazione Reparto, non ci sono reparti
05/12/2023 09:18:38 Importazione clinica
05/12/2023 09:19:01 Visualizzazione reparto RO02 - Pronto Soccorso (15)
